==================================================================
采集示范 · 150 集 · 9 套脚本专家（随机切换）
==================================================================
    25/150 集 | 累计 20,711 步 | 成功 17/25 = 68% | 11s
    50/150 集 | 累计 41,252 步 | 成功 39/50 = 78% | 29s
    75/150 集 | 累计 61,354 步 | 成功 60/75 = 80% | 46s
   100/150 集 | 累计 80,912 步 | 成功 82/100 = 82% | 60s
   125/150 集 | 累计 103,409 步 | 成功 102/125 = 82% | 75s
   150/150 集 | 累计 124,297 步 | 成功 121/150 = 81% | 89s

数据 -> C:\Users\Lenovo\Desktop\panda_manipulation\07_imitation_learning\results\demos_v1.npz
  124,297 步 / 150 集 / 1270 steps/s
  示范成功率 80.7%
  观测 (124297, 63) 动作 (124297, 24)
  各模式使用次数与成功率：
    A 基准协同            18 集 | 成功  94.4% | 累计转角  107.3°
    B 低幅              11 集 | 成功  72.7% | 累计转角  114.1°
    C 低频              18 集 | 成功 100.0% | 累计转角  104.5°
    D 高频              14 集 | 成功  92.9% | 累计转角  102.7°
    E 弱波数             14 集 | 成功  50.0% | 累计转角  181.2°
    F 强不对称            18 集 | 成功  77.8% | 累计转角  158.3°
    G 拇指强反摆           20 集 | 成功  95.0% | 累计转角  106.4°
    H 无 J1 耦合         16 集 | 成功  43.8% | 累计转角   79.2°
    I 高幅低频            21 集 | 成功  85.7% | 累计转角  146.3°

  [多模态] 近邻观测间的动作分歧度 = 0.066 （动作自身尺度 = 1.492）
  [多模态] 该分歧里可由模式解释的比例（簇间/簇内方差比）= 6.15
  [多模态] k-means(k=4) 轮廓系数 = 0.441
