====================================================================================================
RL 训练吞吐剖析（rollout 与梯度更新分开计时）
====================================================================================================
n_envs      vec  n_steps  batch  epochs  thr |  rollout s  rollout fps   train s      更新占比 |    等效 fps
----------------------------------------------------------------------------------------------------
D:\embodied_ai\site-packages\matplotlib\projections\__init__.py:63: UserWarning: Unable to import Axes3D. This may be due to multiple versions of Matplotlib being installed (e.g. as a system package and as a pip package). As a result, the 3D projection is not available.
  warnings.warn("Unable to import Axes3D. This may be due to multiple versions of "
[vec] SubprocVecEnv ×4（多进程真并行）
     4  subproc     1536    256      10    4 |       6.42          957      3.56     35.7% |       616
[vec] SubprocVecEnv ×4（多进程真并行）
     4  subproc     1536    256      10    1 |       5.03         1222      2.83     36.1% |       782
[vec] SubprocVecEnv ×4（多进程真并行）
     4  subproc     2048    512       4    1 |       6.82         1201      1.15     14.4% |      1028
[vec] SubprocVecEnv ×4（多进程真并行）
     4  subproc     3072    512       3    1 |      10.22         1203      1.24     10.8% |      1073
     1    dummy     2048    512       4    1 |       3.51          583      0.29      7.6% |       539
----------------------------------------------------------------------------------------------------
最快组合：n_envs=4 n_steps=3072 batch=512 n_epochs=3 torch_threads=1 -> 1073 步/秒
按此配置跑 600k 步约需 9.3 分钟
明细 -> results/speed_bench.json
