D:\embodied_ai\site-packages\matplotlib\projections\__init__.py:63: UserWarning: Unable to import Axes3D. This may be due to multiple versions of Matplotlib being installed (e.g. as a system package and as a pip package). As a result, the 3D projection is not available.
  warnings.warn("Unable to import Axes3D. This may be due to multiple versions of "
==================================================================
BC 热启动 PPO · 300,000 步 · 4 并行环境
==================================================================
  经典专家 成功率 100% | 误差 4.2°
  随机策略 成功率 0% | 误差 85.3°

D:\embodied_ai\site-packages\matplotlib\projections\__init__.py:63: UserWarning: Unable to import Axes3D. This may be due to multiple versions of Matplotlib being installed (e.g. as a system package and as a pip package). As a result, the 3D projection is not available.
  warnings.warn("Unable to import Axes3D. This may be due to multiple versions of "
D:\embodied_ai\site-packages\matplotlib\projections\__init__.py:63: UserWarning: Unable to import Axes3D. This may be due to multiple versions of Matplotlib being installed (e.g. as a system package and as a pip package). As a result, the 3D projection is not available.
  warnings.warn("Unable to import Axes3D. This may be due to multiple versions of "
D:\embodied_ai\site-packages\matplotlib\projections\__init__.py:63: UserWarning: Unable to import Axes3D. This may be due to multiple versions of Matplotlib being installed (e.g. as a system package and as a pip package). As a result, the 3D projection is not available.
  warnings.warn("Unable to import Axes3D. This may be due to multiple versions of "
D:\embodied_ai\site-packages\matplotlib\projections\__init__.py:63: UserWarning: Unable to import Axes3D. This may be due to multiple versions of Matplotlib being installed (e.g. as a system package and as a pip package). As a result, the 3D projection is not available.
  warnings.warn("Unable to import Axes3D. This may be due to multiple versions of "
[vec] SubprocVecEnv ×4（多进程真并行）
已把 BC 权重注入 PPO 的 Actor（policy_net 两层 + action_net）
  [eval] step=   25,000 success=  0.0% err= 46.01° drop= 0.0%
  [eval] step=   50,000 success=  0.0% err= 45.12° drop= 0.0%
  [eval] step=   75,000 success=  0.0% err= 46.62° drop= 0.0%
  [eval] step=  100,000 success=  0.0% err= 46.85° drop= 0.0%
  [eval] step=  125,000 success=  0.0% err= 46.11° drop= 0.0%
  [eval] step=  150,000 success=  0.0% err= 46.04° drop= 0.0%
  [eval] step=  175,000 success=  0.0% err= 45.93° drop= 0.0%
  [eval] step=  200,000 success=  0.0% err= 45.35° drop= 0.0%
  [eval] step=  225,000 success=  0.0% err= 46.00° drop= 0.0%
  [eval] step=  250,000 success=  0.0% err= 45.05° drop= 0.0%
  [eval] step=  275,000 success=  0.0% err= 44.27° drop= 0.0%
  [eval] step=  300,000 success=  0.0% err= 41.85° drop= 0.0%

训练完成：300,000 步 / 622 s = 482 steps/s
最终策略：成功率 0% | 误差 38.2° | 掉球 0% | 累计转角 20°
学习曲线 -> results/ppo_warm_learning_curve.png
